// Jest Snapshot v1, https://goo.gl/fbAQLP

exports[`Button renderiza corretamente 1`] = `
<div>
  <button
    class="sc-bdVaJa hlskzD"
    disabled=""
  >
    1
  </button>
</div>
`;
